
 RUN  v4.1.9 D:/wadil/OneDrive/JOBS TMP/vigia/food

 ❯ tests/e2e/scan-cycle.spec.js (0 test)
node.exe : Not implemented: navigation to another Document
En línea: 1 Carácter: 1
+ & "C:\Program Files\nodejs/node.exe" "C:\Users\vruiz\AppData\Roaming\ ...
+ ~~~~~~~~~~~~~~~~~~~~~~~~~~~~~~~~~~~~~~~~~~~~~~~~~~~~~~~~~~~~~~~~~~~~~
    + CategoryInfo          : NotSpecified: (Not implemented...nother Document:String) [], RemoteException
    + FullyQualifiedErrorId : NativeCommandError
 
Not implemented: navigation to another Document
Not implemented: navigation to another Document
Not implemented: navigation to another Document
Not implemented: navigation to another Document
Not implemented: navigation to another Document
Not implemented: navigation to another Document
Not implemented: navigation to another Document
Not implemented: navigation to another Document

⎯⎯⎯⎯⎯⎯ Failed Suites 1 ⎯⎯⎯⎯⎯⎯⎯

 FAIL  tests/e2e/scan-cycle.spec.js [ tests/e2e/scan-cycle.spec.js ]
Error: Playwright Test did not expect test.describe() to be called here.
Most common reasons include:
- You are calling test.describe() in a configuration file.
- You are calling test.describe() in a file that is imported by the configuration file.
- You have two different versions of @playwright/test. This usually happens
  when one of the dependencies in your package.json depends on @playwright/test.
- You are calling test.describe() from an async test.describe() block. Only sync ones are supported.
 ❯ _TestTypeImpl._currentSuite node_modules/playwright/lib/common/index.js:2257:13
 ❯ _TestTypeImpl._describe node_modules/playwright/lib/common/index.js:2298:24
 ❯ Function.describe node_modules/playwright/lib/common/index.js:1220:12
 ❯ tests/e2e/scan-cycle.spec.js:47:6
     45| };
     46|
     47| test.describe('Ciclo completo de escaneo', () => {
       |      ^
     48|
     49|   test.beforeEach(async ({ page }) => {

⎯⎯⎯⎯⎯⎯⎯⎯⎯⎯⎯⎯⎯⎯⎯⎯⎯⎯⎯⎯⎯⎯⎯⎯[1/1]⎯


 Test Files  1 failed | 41 passed (42)
      Tests  431 passed (431)
   Start at  14:56:41
   Duration  15.81s (transform 2.38s, setup 1.20s, import 11.18s, tests 14.96s, environment 39.44s)

